PREHOOK: query: CREATE TABLE hbase_multiscan(
  key struct<bucket : string,
             other_val: string>,
  value string)
  ROW FORMAT SERDE
  'org.apache.hadoop.hive.hbase.HBaseSerDe'
  STORED BY
  'org.apache.hadoop.hive.hbase.HBaseStorageHandler'
  WITH SERDEPROPERTIES (
  'serialization.format'='1',
  'hbase.columns.mapping'=':key,cf:string',
  'hbase.composite.key.factory'='org.apache.hadoop.hive.hbase.SampleMultiScanHBaseKeyFactory'
  )
  TBLPROPERTIES (
  'hbase.table.name'='mscan2',   'hive.hbase.multiscan.num_buckets'='3')
PREHOOK: type: CREATETABLE
PREHOOK: Output: database:default
PREHOOK: Output: default@hbase_multiscan
POSTHOOK: query: CREATE TABLE hbase_multiscan(
  key struct<bucket : string,
             other_val: string>,
  value string)
  ROW FORMAT SERDE
  'org.apache.hadoop.hive.hbase.HBaseSerDe'
  STORED BY
  'org.apache.hadoop.hive.hbase.HBaseStorageHandler'
  WITH SERDEPROPERTIES (
  'serialization.format'='1',
  'hbase.columns.mapping'=':key,cf:string',
  'hbase.composite.key.factory'='org.apache.hadoop.hive.hbase.SampleMultiScanHBaseKeyFactory'
  )
  TBLPROPERTIES (
  'hbase.table.name'='mscan2',   'hive.hbase.multiscan.num_buckets'='3')
POSTHOOK: type: CREATETABLE
POSTHOOK: Output: database:default
POSTHOOK: Output: default@hbase_multiscan
PREHOOK: query: FROM src
INSERT INTO TABLE hbase_multiscan SELECT
named_struct(
        "bucket",  cast(hash(cast(key as int)) % 3 as string),
        "other_val", cast(key as string)),
cast(value as string)
PREHOOK: type: QUERY
PREHOOK: Input: default@src
PREHOOK: Output: default@hbase_multiscan
POSTHOOK: query: FROM src
INSERT INTO TABLE hbase_multiscan SELECT
named_struct(
        "bucket",  cast(hash(cast(key as int)) % 3 as string),
        "other_val", cast(key as string)),
cast(value as string)
POSTHOOK: type: QUERY
POSTHOOK: Input: default@src
POSTHOOK: Output: default@hbase_multiscan
PREHOOK: query: -- {"bucket":"1","other_val":"10"}	val_10
-- {"bucket":"1","other_val":"100"}	val_100
-- {"bucket":"1","other_val":"103"}	val_103
-- {"bucket":"1","other_val":"118"}	val_118
SELECT * FROM hbase_multiscan WHERE key.bucket = 1 AND key.other_val >= "0" AND key.other_val < "12" ORDER BY value
PREHOOK: type: QUERY
PREHOOK: Input: default@hbase_multiscan
#### A masked pattern was here ####
POSTHOOK: query: -- {"bucket":"1","other_val":"10"}	val_10
-- {"bucket":"1","other_val":"100"}	val_100
-- {"bucket":"1","other_val":"103"}	val_103
-- {"bucket":"1","other_val":"118"}	val_118
SELECT * FROM hbase_multiscan WHERE key.bucket = 1 AND key.other_val >= "0" AND key.other_val < "12" ORDER BY value
POSTHOOK: type: QUERY
POSTHOOK: Input: default@hbase_multiscan
#### A masked pattern was here ####
{"bucket":"1","other_val":"10"}	val_10
{"bucket":"1","other_val":"100"}	val_100
{"bucket":"1","other_val":"103"}	val_103
{"bucket":"1","other_val":"118"}	val_118
PREHOOK: query: -- {"bucket":"2","other_val":"128"}	val_128
SELECT * FROM hbase_multiscan WHERE key.other_val = "128"
PREHOOK: type: QUERY
PREHOOK: Input: default@hbase_multiscan
#### A masked pattern was here ####
POSTHOOK: query: -- {"bucket":"2","other_val":"128"}	val_128
SELECT * FROM hbase_multiscan WHERE key.other_val = "128"
POSTHOOK: type: QUERY
POSTHOOK: Input: default@hbase_multiscan
#### A masked pattern was here ####
{"bucket":"2","other_val":"128"}	val_128
PREHOOK: query: DROP TABLE hbase_multiscan
PREHOOK: type: DROPTABLE
PREHOOK: Input: default@hbase_multiscan
PREHOOK: Output: default@hbase_multiscan
POSTHOOK: query: DROP TABLE hbase_multiscan
POSTHOOK: type: DROPTABLE
POSTHOOK: Input: default@hbase_multiscan
POSTHOOK: Output: default@hbase_multiscan
